
> e-bpco@0.0.0 start
> ng serve

❯ Building...
✔ Building...
Initial chunk files | Names                 |  Raw size
main.js             | main                  |   4.19 kB | 
chunk-VUJOFXKG.js   | -                     | 938 bytes | 
styles.css          | styles                | 392 bytes | 

                    | Initial total         |   5.52 kB

Lazy chunk files    | Names                 |  Raw size
chunk-FCUI3345.js   | tenant-applications   | 171.51 kB | 
chunk-XV66SNC2.js   | tenants               |  96.91 kB | 
chunk-JLF6Q4UM.js   | tenant-payments       |  67.30 kB | 
chunk-6QDZQOKT.js   | system-logs           |  64.48 kB | 
chunk-6V5PAUIL.js   | dashboard             |  57.32 kB | 
chunk-PS5IVN6V.js   | tenant-dashboard      |  50.11 kB | 
chunk-HZQGO3QZ.js   | tenant-evaluations    |  43.98 kB | 
chunk-EGX4NMA4.js   | -                     |  38.14 kB | 
chunk-HFAPYL7M.js   | tenant-permit-release |  37.03 kB | 
chunk-AEG5S6JL.js   | login                 |  22.08 kB | 
chunk-BQZJ674L.js   | register              |  21.47 kB | 
chunk-53DFQFQA.js   | -                     |  15.03 kB | 
chunk-RMQND4YG.js   | -                     |  14.97 kB | 
chunk-OEZ6TSEA.js   | tenant-workflow       |  14.36 kB | 
chunk-CUJ7X4YX.js   | workflow              |  14.12 kB | 
...and 10 more lazy chunks files. Use "--verbose" to show all the files.

Application bundle generation complete. [10.260 seconds] - 2026-07-13T06:50:37.503Z

Watch mode enabled. Watching for file changes...
NOTE: Raw file sizes do not reflect development server per-request transformations.
  [32m➜[39m  [1mLocal[22m:   [36mhttp://localhost:[1m4200[22m/[39m
